
    [1;31mб┤[m▓HдЇ
[1;31m    ∙°
[1;31m    б│[mмї╛ЁкL                                   [0;33mвдвдвдвд[mд║┤Євwдьм]╜u
[1;31m    ∙°                                         вдвдвдвд[m▓HдЇвwлH╕q╜u
[1;31m    б│[mж╦│Є                                     [1;35m    вдвд[m╖sе_зыдф╜u
[1;31m    ∙°                                         [0;32mвдвдвдвд[mкQдsвw╖sй▒╜u
[1;31m    б│[m├Ў┤ч[1;35m                        [1;32m                 вдвд[mдp║╤╝цдф╜u
[1;31m    ∙°      [1;35mб┤[m╖sе_зы                           [1;33mвдвдвдвд[m[m╖s▓°вwддйM╜u
[1;31m    б│[mй╛╕q  [1;35m∙°                                 [1;33mвдвдвдвд[m─кмwвwддйM╜u
[1;31m    ∙°      [1;35m∙°                                 [1;34mвдвдвдвд[m[mлn┤фвwкO╛Ївwдgл░╜u
[1;31m    ∙уб│вдвд[mб╖[1;31mвдвд∙▀▀                              [mб│  д@пыиоп╕
[m    ┤_┐│▒^  е_зы  [1;31m∙°                               [mб╖  ┬рн╝п╕
                  [1;31mб│[mй_йе                         [m  б┤  ░_и┤п╕
                  [1;31m∙°
                  [1;31mб│[m╘зн∙йд
                  [1;31m∙°
                  [1;31mб│[mе█╡P
              [1;31m    ∙°
      [1;33mб┤[m─кмw      [1;31mб│[mй·╝w
      [1;33m∙°          [1;31m∙°
      [1;33mб│[mдTе┴░кдд  [1;31mб│[mк█дs
      [1;33m∙°          [1;31m∙°                                                [m  дj
      [1;33mб│[mо}╢╫дд╛╟  [1;31mб│[mдhкL                ╝C                            ┤Є
      [1;33m∙°          [1;31m∙°                  [m  лn    жш    ┤ф    дх    д║    д╜
      [1;33mб│[mдTйM░ъдд  [1;31mб│[m╝C╝ц                ╕Ї    ┤Є    сY    ╝w    ┤Є    ╢щ
      [1;33m∙°          [1;31m∙°                [0;33;40m∙▌вдб│вдвдб│вдвдб│вдвдб│вдвдб│вдвдб│вдвд∙▀
      [1;33mб│[mдTнл░ъдp[1;31m  б│[m╢ъдs            [0;33;40mб│[m[mдjк╜                              [m╕ммw[0;33;40mб│
      [1;33m∙°          [1;31m∙°                [0;33;40m∙°                                      [0;33;40m∙°
[mеxе_╛Ї[1;33m∙°          [1;31m∙°[mе┴┼vжш╕Ї        [0;33;40mб│[mкQдs╛ў│ї                              [0;33;40m∙°
[1;33m∙▌б│вд∙фвдвд[mб╖[1;33mвдвд[1;33[mб╖[1;33mвдвдб│вдвд∙▀    [0;33;40m∙°                           [m       [mкF┤Є[0;33mб│
[1;33m∙°  [m     дj╛Ї░ъдp [1;31m∙° [mдддs░ъдp [1;33m∙°[mжц  [0;33;40mб│[mдддs░ъдд                              [0;33m∙°∙
[1;33mб│[m╡ц╝d            [1;31mб│[m┬∙│s      [1;33mб│[mд╤  [0;33m∙°                                  [mлn┤ф[0;33m∙°
[1;33m∙°                [1;31m∙°      [mкQж┐[1;33m∙°[mоc  [0;33m∙°[mлnи╩  еле▀     лnи╩           [m│n┼щ╢щ░╧[0;33;40mб│
[1;33mб│[mдTнл            [1;31m∙°[mдддs  лnи╩[1;33m∙°    [0;33m∙°[mкF╕Ї  ┼щи|│ї   дTе┴    кQдs           [0;33;40m∙°
[1;33m∙°        [0;32m∙▌вдвдвд[mб╖[0;32mвдвдвдвдвд[mб╖[0;32mвдвд[mб╖[0;32mвдвдвдвдб│вдвдвдб│вдвдвдб┤д           [0;33;40m∙°
[1;33mб│[mе¤╢▐оc  [0;32mб│[mе_к∙  [1;31m∙°      [m╡╜  [1;33m∙°    [0;33m∙°                 [m ел    [1;34m∙▌б│вдб│вдб│вд[mб╖
[1;33m∙°        [0;32m∙°     [1;31m ∙°[mеxе_  [m╛╔  [1;33m∙°[mй╛з╡[0;33m∙°[mй╛з╡ й╛з╡ ░ъдў    мF  е├[1;34m∙°[mлс  й°  лn  лn
[1;33mб│[m└Yлe╔▄  [0;32m∙°[mжшк∙  [1;31m∙°[mиоп╕  [mжx  [1;33m∙°[m╖sе═[0;33m∙°[m┤_┐│ ┤░д╞ мЎй└└]  й▓  мK[1;34m∙°[mдs  ╢з  ┤ф  ┤ф
[1;33m∙°      [1;34m∙▌[mб╖[1;34mвдвдвд[mб╖[1;34mвдвдвдб│вд[mб╖[1;34mвдвд[mб╖[1;34mвдвдвдб│вдвдб│вдвдб│вдб│∙х[m░ё          оi
[1;33mб│[m╖s▓°  [1;34m∙°[0;32m∙°      [1;31m∙°[mеxдj  [1;33m    ∙°[mдjжw[0;33m∙°        [m                              [m─¤
[1;33m∙°      [1;34m∙°[0;32m∙°      [1;31mб│[m┬х░|[1;33m∙▌вдвд∙х[m┤╦кL[33m[0;33m∙°   [m            е@╢T                   └]
[1;33mб│[m╗▓дj  [1;34m∙°[0;32m∙°[mдpлnк∙[1;31m∙°  [1;33m  ∙°[mкFк∙  д╜╢щ[0;33m∙°[mдjжw  жwйM╕Ї   ддд▀  ╢Hдs
[1;33m∙°      [1;34m∙°[0;32m∙уб│вдвд[mб╖[1;31mвдвд[mб╖[1;31mвдвдвдб│вд[mб╖[1;31mвдвдвдвдб│вдвдвдб│вдвдб┤
[1;33mб│[mдж╗ё[1;34;40m  ∙°   [m дде┐[0;32m∙°   [1;33m ∙°[mеjлF      [0;33m∙°
[1;33m∙°    [1;34;40m  ∙°  [mмЎй└░є[0;32;40m[0;32m∙увдвд[mб╖[0;32mвдвдвд∙▀  [0;33mб│[mмьз▐дj╝╙
[1;33mб┤[m░j└s[1;34m  ∙°          [1;33m∙▌вд∙х      [0;32m∙°  [0;33m∙увдвдвдвдвд∙▀
      [1;34m  б│[m└sдsжx    [1;33mб│[m│╗╖╦      [0;32mб│[mеx╣qдj╝╙      [0;33;40mб│[mд╗▒i▓p
      [1;34m  ∙°          [1;33m∙°          [0;32m∙°              [0;33m∙°
      [1;34m  б│[mж┐дl╗A    [1;33mб│[mе├жwел│ї  [0;32mб│[mд╜└]          [0;33mб│[m┼яе·
      [1;34m  ∙°          [1;33m∙°          [0;32m∙°              [0;33m∙°
        [1;34mб│[m╖sоH      [1;33mб│[m┤║жw   [0;32m   б│[m╕U╢й          [0;33mб│[mипеш
      [1;34m  ∙°        [1;33m  ∙°          [0;32m∙°              [0;33m∙°
        [1;34mб│[mкO╛Ї      [1;33mб┤[mлn╢╒ид    [0;32mб│[m┤║м№          [0;33mб│[m╕Uк┌┬х░|
        [1;34m∙°                      [0;32m∙°              [0;33;40m∙увдвдб│вдвдвдб│вдвдвдб┤┤
        [1;34mб│[mй▓дд                  [0;32mб│[mдjйWкL           [m╕Uк┌к└░╧  дьм]   ░╩кл╢щ
        [1;34m∙°              [mдp║╤╝ц  [0;32m∙°
        [1;34mб│[mи╚кF┬х░|        [1;32mб┤вдвд[mб╖дC▒i
        [1;34m∙°                      [0;32m∙°
      [1;34m  б│[mо№дs                  [1;32mб│[m╖sй▒елд╜й╥
        [1;34m∙°                      [0;32m∙°
      [1;34m  б│[mдgл░                  [0;32mб┤[m╖sй▒
        [1;34m∙°
        [1;34mб┤[mе├╣ч

                                                     wutonyuugi з@ -- Ptt MRT кO
